[2026-09-13 02:53:47+0800] Building committed source at df6a5cb97c32.
[WARN] The "pnpm" field in package.json is no longer read by pnpm. The following keys were ignored: "pnpm.onlyBuiltDependencies". See https://pnpm.io/settings for the new home of each setting.
$ pnpm run build:frontend && pnpm run build:cli
[WARN] The "pnpm" field in package.json is no longer read by pnpm. The following keys were ignored: "pnpm.onlyBuiltDependencies". See https://pnpm.io/settings for the new home of each setting.
$ vue-tsc --noEmit && vite build
vite v6.4.3 building for production...
transforming...
✓ 317 modules transformed.
rendering chunks...
computing gzip size...
dist/index.html                                 6.88 kB │ gzip:   2.43 kB
dist/assets/AutomationsPanel-Dr0oGxCq.css      12.35 kB │ gzip:   2.12 kB
dist/assets/ThreadTerminalPanel-Mu3fWVjX.css   12.80 kB │ gzip:   3.42 kB
dist/assets/ReviewPane-Bf0DO-uW.css            37.24 kB │ gzip:   4.87 kB
dist/assets/DirectoryHub-CrNJmnA3.css          39.58 kB │ gzip:   5.15 kB
dist/assets/ThreadConversation-BEVO1Pah.css    82.08 kB │ gzip:   9.04 kB
dist/assets/index-CcIJPRY3.css                450.43 kB │ gzip:  50.93 kB
dist/assets/ThreadCommandDialog-CvzBFl0k.js    11.84 kB │ gzip:   4.43 kB
dist/assets/AutomationsPanel-CYjle6iE.js       16.07 kB │ gzip:   5.81 kB
dist/assets/ReviewPane-BYWmqfLb.js             19.20 kB │ gzip:   5.92 kB
dist/assets/ApiProxyPanel-B47S-r5U.js          21.74 kB │ gzip:   6.65 kB
dist/assets/DirectoryHub-BKIR0e_8.js           32.69 kB │ gzip:  11.09 kB
dist/assets/ThreadConversation-CUAZThRh.js     74.66 kB │ gzip:  22.05 kB
dist/assets/common-DEPjExR-.js                165.06 kB │ gzip:  54.87 kB
dist/assets/ThreadTerminalPanel-DQK6eWVA.js   342.52 kB │ gzip:  87.94 kB
dist/assets/index-C_OgcM6A.js                 850.98 kB │ gzip: 270.16 kB

(!) Some chunks are larger than 500 kB after minification. Consider:
- Using dynamic import() to code-split the application
- Use build.rollupOptions.output.manualChunks to improve chunking: https://rollupjs.org/configuration-options/#output-manualchunks
- Adjust chunk size limit for this warning via build.chunkSizeWarningLimit.
✓ built in 3.69s
[WARN] The "pnpm" field in package.json is no longer read by pnpm. The following keys were ignored: "pnpm.onlyBuiltDependencies". See https://pnpm.io/settings for the new home of each setting.
$ tsup
CLI Building entry: src/cli/index.ts
CLI Using tsconfig: tsconfig.json
CLI tsup v8.5.1
CLI Using tsup config: /home/Code/codexapp/tsup.config.ts
CLI Target: node18
CLI Cleaning output folder
ESM Build start
ESM dist-cli/index.js     989.23 KB
ESM dist-cli/index.js.map 1.74 MB
ESM ⚡️ Build success in 83ms
[WARN] The "pnpm" field in package.json is no longer read by pnpm. The following keys were ignored: "pnpm.onlyBuiltDependencies". See https://pnpm.io/settings for the new home of each setting.
package: codexapp@0.2.19
Tarball Contents
dist-cli/index.js
dist-cli/index.js.map
dist/assets/ApiProxyPanel-B47S-r5U.js
dist/assets/AutomationsPanel-CYjle6iE.js
dist/assets/AutomationsPanel-Dr0oGxCq.css
dist/assets/common-DEPjExR-.js
dist/assets/DirectoryHub-BKIR0e_8.js
dist/assets/DirectoryHub-CrNJmnA3.css
dist/assets/index-C_OgcM6A.js
dist/assets/index-CcIJPRY3.css
dist/assets/ReviewPane-Bf0DO-uW.css
dist/assets/ReviewPane-BYWmqfLb.js
dist/assets/ThreadCommandDialog-CvzBFl0k.js
dist/assets/ThreadConversation-BEVO1Pah.css
dist/assets/ThreadConversation-CUAZThRh.js
dist/assets/ThreadTerminalPanel-DQK6eWVA.js
dist/assets/ThreadTerminalPanel-Mu3fWVjX.css
dist/icons/apple-touch-icon.png
dist/icons/codexui-icon.svg
dist/icons/maskable-512x512.png
dist/icons/pwa-192x192.png
dist/icons/pwa-512x512.png
dist/icons/pwa-icon.svg
dist/icons/pwa-maskable.svg
dist/index.html
dist/manifest.webmanifest
dist/sw.js
LICENSE
package.json
README.en.md
README.md
resources/api-proxy/LICENSE
resources/api-proxy/manifest.json
scripts/dev-random-home.cjs
scripts/dev.cjs
scripts/fix-pty-native-build.cjs
THIRD_PARTY_NOTICES.md
Tarball Details
/tmp/codexapp-0.2.19.tgz

> codexapp@0.2.19 postinstall
> node scripts/fix-pty-native-build.cjs


added 78 packages, and audited 79 packages in 19s

28 packages are looking for funding
  run `npm fund` for details

found 0 vulnerabilities
npm warn allow-scripts 1 package has install scripts not yet covered by allowScripts:
npm warn allow-scripts   node-pty@1.1.0 (install: node scripts/prebuild.js || node-gyp rebuild; postinstall: node scripts/post-install.js)
npm warn allow-scripts
npm warn allow-scripts Run `npm approve-scripts --allow-scripts-pending` to review, or `npm approve-scripts <pkg>` to allow.
Reusing verified CLIProxyAPI 7.2.152: /home/Code/codexapp/output/api-proxy-component
[2026-09-13 02:54:25+0800] Prepared release: /home/docker/codexapp-releases/codexapp-0.2.19-df6a5cb97c32-20260913-025347
[2026-09-13 02:54:25+0800] No production service, port, or authentication file was changed.
