[WARN] The "pnpm" field in package.json is no longer read by pnpm. The following keys were ignored: "pnpm.onlyBuiltDependencies". See https://pnpm.io/settings for the new home of each setting.
src/App.vue(891,1): error TS6133: 'isOverlayEventInside' is declared but its value is never read.
src/App.vue(918,1): error TS6133: 'RateLimitStatus' is declared but its value is never read.
src/App.vue(927,1): error TS6133: 'IconTablerSettings' is declared but its value is never read.
src/App.vue(1209,3): error TS6133: 'selectedModelId' is declared but its value is never read.
src/App.vue(1222,3): error TS6133: 'isSendingMessage' is declared but its value is never read.
src/App.vue(1537,7): error TS6133: 'providerDropdownOptions' is declared but its value is never read.
src/App.vue(1695,7): error TS6133: 'latestUserTurnId' is declared but its value is never read.
src/App.vue(1763,7): error TS6133: 'showThreadContextBadge' is declared but its value is never read.
src/App.vue(2020,7): error TS6133: 'terminalShortcutLabel' is declared but its value is never read.
src/App.vue(2063,7): error TS6133: 'telegramStatusText' is declared but its value is never read.
src/App.vue(2467,10): error TS6133: 'shortAccountId' is declared but its value is never read.
src/App.vue(2512,10): error TS6133: 'isRemoveVisible' is declared but its value is never read.
src/App.vue(2516,10): error TS6133: 'getAccountSwitchLabel' is declared but its value is never read.
src/App.vue(2523,10): error TS6133: 'getAccountRemoveLabel' is declared but its value is never read.
src/App.vue(2529,10): error TS6133: 'onAccountCardPointerEnter' is declared but its value is never read.
src/App.vue(2533,10): error TS6133: 'onAccountCardPointerLeave' is declared but its value is never read.
src/App.vue(2605,10): error TS6133: 'buildAccountTitle' is declared but its value is never read.
src/App.vue(2997,10): error TS6133: 'resolveSelectedThreadProjectCwd' is declared but its value is never read.
src/App.vue(4372,26): error TS6133: 'payload' is declared but its value is never read.
src/App.vue(4499,16): error TS6133: 'onProviderChange' is declared but its value is never read.
src/App.vue(4540,16): error TS6133: 'saveCustomEndpoint' is declared but its value is never read.
src/App.vue(4559,16): error TS6133: 'setOpenRouterWireApi' is declared but its value is never read.
src/App.vue(4581,16): error TS6133: 'saveOpencodeZen' is declared but its value is never read.
src/App.vue(4601,16): error TS6133: 'saveFreeModeCustomKey' is declared but its value is never read.
src/App.vue(4617,16): error TS6133: 'clearFreeModeCustomKey' is declared but its value is never read.
src/App.vue(4769,10): error TS6133: 'toggleAccountsSectionCollapsed' is declared but its value is never read.
src/api/codexGateway.ts(31,3): error TS6196: 'Turn' is declared but never used.
src/api/codexGateway.ts(661,16): error TS6133: 'enrichThreadMessagesWithFallback' is declared but its value is never read.
src/api/codexGateway.ts(2869,3): error TS6133: 'workspaceView' is declared but its value is never read.
src/api/normalizers/v2.ts(281,10): error TS6133: 'extractAssistantFileChanges' is declared but its value is never read.
src/components/api-proxy/ApiProxyPanel.vue(127,49): error TS6133: 'watch' is declared but its value is never read.
src/components/api-proxy/ApiProxyPanel.vue(272,10): error TS6133: 'openPolicy' is declared but its value is never read.
src/components/content/ThreadComposer.vue(753,7): error TS6133: 'showFastModeModelIcon' is declared but its value is never read.
src/components/content/ThreadComposer.vue(774,7): error TS6133: 'attachmentFeedbackText' is declared but its value is never read.
src/components/content/ThreadComposer.vue(815,7): error TS6133: 'contextUsageSummaryText' is declared but its value is never read.
src/components/content/ThreadComposer.vue(816,7): error TS6133: 'contextUsageTooltipText' is declared but its value is never read.
src/components/content/ThreadComposer.vue(817,7): error TS6133: 'contextUsageRemainingPercent' is declared but its value is never read.
src/components/content/ThreadComposer.vue(818,7): error TS6133: 'contextUsageTone' is declared but its value is never read.
src/components/content/ThreadConversation.vue(1044,10): error TS6133: 'buildPlanMessageText' is declared but its value is never read.
src/components/content/ThreadTerminalPanel.vue(107,7): error TS6133: 'activeTab' is declared but its value is never read.
src/components/content/ThreadTerminalPanel.vue(108,7): error TS6133: 'quickCommands' is declared but its value is never read.
src/components/sidebar/SidebarThreadTree.vue(878,10): error TS6133: 'getAutomationRuntime' is declared but its value is never read.
src/components/sidebar/SidebarThreadTree.vue(891,3): error TS6133: 'runThreadAutomationNow' is declared but its value is never read.
src/components/sidebar/SidebarThreadTree.vue(1656,10): error TS6133: 'padRruleNumber' is declared but its value is never read.
src/components/sidebar/SidebarThreadTree.vue(2333,10): error TS6133: 'getProjectRenameDraftName' is declared but its value is never read.
src/composables/useDesktopState.ts(760,10): error TS6133: 'removePersistedLiveMessages' is declared but its value is never read.
src/composables/useDesktopState.ts(1616,7): error TS6133: 'shouldAutoScrollOnNextAgentEvent' is declared but its value is never read.
src/composables/useDesktopState.ts(2807,12): error TS6133: 'normalizeRateLimitSnapshotsPayload' is declared but its value is never read.
src/composables/useDesktopState.ts(5427,18): error TS6133: 'syncThreadStatus' is declared but its value is never read.
src/quotaPresentation.ts(13,49): error TS6133: 'minutes' is declared but its value is never read.
src/server/accountActivationRuntime.test.ts(1,29): error TS6133: 'Server' is declared but its value is never read.
src/server/apiProxy/gateway.ts(317,25): error TS6133: 'req' is declared but its value is never read.
src/server/automationEngine.ts(69,105): error TS6138: Property 'automatic' is declared but its value is never read.
src/server/codexAppServerBridge.ts(2624,10): error TS6133: 'readBoolean' is declared but its value is never read.
src/server/codexAppServerBridge.ts(2628,10): error TS6133: 'readNumber' is declared but its value is never read.
src/server/codexAppServerBridge.ts(3365,9): error TS6133: 'patchHadError' is declared but its value is never read.
src/server/codexAppServerBridge.ts(3587,10): error TS6133: 'getSkillsInstallDir' is declared but its value is never read.
src/server/codexAppServerBridge.ts(4007,16): error TS6133: 'runCommandWithOutput' is declared but its value is never read.
src/server/codexAppServerBridge.ts(6282,15): error TS6133: 'coordinator' is declared but its value is never read.
src/server/reviewGit.ts(11,6): error TS6196: 'ReviewActionLevel' is declared but never used.
src/server/skillsRoutes.ts(3,10): error TS6133: 'mkdtemp' is declared but its value is never read.
src/server/skillsRoutes.ts(3,42): error TS6133: 'mkdir' is declared but its value is never read.
src/server/skillsRoutes.ts(3,55): error TS6133: 'lstat' is declared but its value is never read.
src/server/skillsRoutes.ts(3,62): error TS6133: 'readlink' is declared but its value is never read.
src/server/skillsRoutes.ts(3,72): error TS6133: 'symlink' is declared but its value is never read.
src/server/skillsRoutes.ts(4,1): error TS6133: 'existsSync' is declared but its value is never read.
src/server/skillsRoutes.ts(6,19): error TS6133: 'tmpdir' is declared but its value is never read.
src/server/skillsRoutes.ts(8,1): error TS6133: 'writeFile' is declared but its value is never read.
src/server/telegramThreadBridge.ts(216,11): error TS6133: 'pollingTask' is declared but its value is never read.
