[WARN] The "pnpm" field in package.json is no longer read by pnpm. The following keys were ignored: "pnpm.onlyBuiltDependencies". See https://pnpm.io/settings for the new home of each setting.
$ pnpm run build:frontend && pnpm run build:cli
[WARN] The "pnpm" field in package.json is no longer read by pnpm. The following keys were ignored: "pnpm.onlyBuiltDependencies". See https://pnpm.io/settings for the new home of each setting.
$ vue-tsc --noEmit && vite build
vite v6.4.3 building for production...
transforming...
✓ 317 modules transformed.
rendering chunks...
computing gzip size...
dist/index.html                                 6.88 kB │ gzip:   2.43 kB
dist/assets/AutomationsPanel-BfZ8hwsx.css      12.35 kB │ gzip:   2.12 kB
dist/assets/ThreadTerminalPanel-Mu3fWVjX.css   12.80 kB │ gzip:   3.42 kB
dist/assets/ReviewPane-Bf0DO-uW.css            37.24 kB │ gzip:   4.87 kB
dist/assets/DirectoryHub-CrNJmnA3.css          39.58 kB │ gzip:   5.15 kB
dist/assets/ThreadConversation-BEVO1Pah.css    82.08 kB │ gzip:   9.04 kB
dist/assets/index-BD0bO1U3.css                450.43 kB │ gzip:  50.93 kB
dist/assets/ThreadCommandDialog-Kfk2qxGQ.js    11.84 kB │ gzip:   4.43 kB
dist/assets/AutomationsPanel-CREd42LU.js       16.08 kB │ gzip:   5.81 kB
dist/assets/ReviewPane-DOEkq74i.js             19.20 kB │ gzip:   5.92 kB
dist/assets/ApiProxyPanel-CesiqJc7.js          21.74 kB │ gzip:   6.65 kB
dist/assets/DirectoryHub-CgzJsy8S.js           32.69 kB │ gzip:  11.09 kB
dist/assets/ThreadConversation-BhJskoF4.js     74.66 kB │ gzip:  22.05 kB
dist/assets/common-DEPjExR-.js                165.06 kB │ gzip:  54.87 kB
dist/assets/ThreadTerminalPanel-BcamMbyK.js   342.52 kB │ gzip:  87.94 kB
dist/assets/index-EXCiIUfe.js                 852.20 kB │ gzip: 270.60 kB

(!) Some chunks are larger than 500 kB after minification. Consider:
- Using dynamic import() to code-split the application
- Use build.rollupOptions.output.manualChunks to improve chunking: https://rollupjs.org/configuration-options/#output-manualchunks
- Adjust chunk size limit for this warning via build.chunkSizeWarningLimit.
✓ built in 3.52s
[WARN] The "pnpm" field in package.json is no longer read by pnpm. The following keys were ignored: "pnpm.onlyBuiltDependencies". See https://pnpm.io/settings for the new home of each setting.
$ tsup
CLI Building entry: src/cli/index.ts
CLI Using tsconfig: tsconfig.json
CLI tsup v8.5.1
CLI Using tsup config: /home/Code/codexapp/tsup.config.ts
CLI Target: node18
CLI Cleaning output folder
ESM Build start
ESM dist-cli/index.js     989.81 KB
ESM dist-cli/index.js.map 1.74 MB
ESM ⚡️ Build success in 81ms
